  Following Selenium IDE plugin(s) are not activated, because they are incompatible, or they depend on plugins that are out of date or missing. Upgrade or install them. See also <a href="https://code.google.com/p/selite/wiki/AddOnsDependants">https://code.google.com/p/selite/wiki/AddOnsDependants</a>.<br/>
<br/>
Add-on(s) having problems with plugin(s) that they directly depend on:<br/>
<a href="https://addons.mozilla.org/en-US/firefox/addon/dummy-test-journey/">SeLite Test Journey</a> (<a href="https://addons.mozilla.org/en-US/firefox/addon/dummy-test-journey/versions/">download</a>) directly depends on plugin(s) that are too old, so upgrade them: <a href="https://addons.mozilla.org/en-US/firefox/addon/dummy-test-train/">SeLite Test Train</a> (<a href="https://addons.mozilla.org/en-US/firefox/addon/dummy-test-train/versions/">download</a>).