  Failure when initialising Selenium IDE plugin <a href="https://addons.mozilla.org/en-US/firefox/addon/dummy-test-journey/">SeLite Test Journey</a> (<a href="https://addons.mozilla.org/en-US/firefox/addon/dummy-test-journey/versions/">download</a>):<br/>
Error: Intentional error in preActivate() of Journey.<br/>
<br/>
<a href="https://addons.mozilla.org/en-US/firefox/addon/dummy-test-journey/versions/">Get its newest version</a> (if available) and check its <a href="https://addons.mozilla.org/en-US/firefox/addon/dummy-test-journey/">documentation</a>. If that doesn't help, report the issue to its author.