  Failure when initialising Selenium IDE plugin <a href="https://addons.mozilla.org/en-US/firefox/addon/dummy-test-train/">SeLite Test Train</a> (<a href="https://addons.mozilla.org/en-US/firefox/addon/dummy-test-train/versions/">download</a>):<br/>
Error: Intentional error in preActivate() of Train.<br/>
<br/>
<a href="https://addons.mozilla.org/en-US/firefox/addon/dummy-test-train/versions/">Get its newest version</a> (if available) and check its <a href="https://addons.mozilla.org/en-US/firefox/addon/dummy-test-train/">documentation</a>. If that doesn't help, report the issue to its author.<br/>
It may also break add-on(s) that depend on it directly or indirectly: <a href="https://addons.mozilla.org/en-US/firefox/addon/dummy-test-journey/">SeLite Test Journey</a> (<a href="https://addons.mozilla.org/en-US/firefox/addon/dummy-test-journey/versions/">download</a>).