  Following Selenium IDE plugin(s) are missing their dependancy plugin(s). They are therefore inactive. Install (or enable) any missing dependancies. Follow also documentation of the plugin. See also <a href="https://code.google.com/p/selite/wiki/AddOnsDependencies">https://code.google.com/p/selite/wiki/AddOnsDependants</a>.<br/>
<br/>
Plugin(s) missing at least one direct dependency:<br/>
<a href="https://addons.mozilla.org/en-US/firefox/addon/dummy-test-train/">SeLite Test Train</a> (<a href="https://addons.mozilla.org/en-US/firefox/addon/dummy-test-train/versions/">download</a>) is too old, so upgrade it. It directly depends on plugin(s) that are too new, so alternatively get older versions of: <a href="https://addons.mozilla.org/en-US/firefox/addon/dummy-test-rail/">SeLite Test Rail</a> (<a href="https://addons.mozilla.org/en-US/firefox/addon/dummy-test-rail/versions/">download</a>).<br/>
<br/>
Plugin(s) missing indirect dependencies only:<br/>
<a href="https://addons.mozilla.org/en-US/firefox/addon/dummy-test-journey/">SeLite Test Journey</a> (<a href="https://addons.mozilla.org/en-US/firefox/addon/dummy-test-journey/versions/">download</a>) indirectly depends on missing or incompatible plugin(s) through following plugin(s): <a href="https://addons.mozilla.org/en-US/firefox/addon/dummy-test-train/">SeLite Test Train</a> (<a href="https://addons.mozilla.org/en-US/firefox/addon/dummy-test-train/versions/">download</a>).