  Following Selenium IDE plugin(s) are not activated, because they are incompatible, or they depend on plugins that are out of date or missing. Upgrade or install them. See also <a href="http://selite.github.io/AddOnsDependants">http://selite.github.io/AddOnsDependants</a>.<br/>
<br/>
Add-on(s) having problems with plugin(s) that they directly depend on:<br/>
<a href="https://addons.mozilla.org/en-US/firefox/addon/dummy-test-train/">SeLite Test Train</a> (<a href="https://addons.mozilla.org/en-US/firefox/addon/dummy-test-train/versions/">download</a>) directly depends on plugin(s) that are too old, so upgrade them: <a href="https://addons.mozilla.org/en-US/firefox/addon/dummy-test-rail/">SeLite Test Rail</a> (<a href="https://addons.mozilla.org/en-US/firefox/addon/dummy-test-rail/versions/">download</a>).<br/>
<br/>
Add-on(s) having problems with plugin(s) that they indirectly depend on:<br/>
<a href="https://addons.mozilla.org/en-US/firefox/addon/dummy-test-journey/">SeLite Test Journey</a> (<a href="https://addons.mozilla.org/en-US/firefox/addon/dummy-test-journey/versions/">download</a>) indirectly depends on missing or incompatible plugin(s) through following plugin(s): <a href="https://addons.mozilla.org/en-US/firefox/addon/dummy-test-train/">SeLite Test Train</a> (<a href="https://addons.mozilla.org/en-US/firefox/addon/dummy-test-train/versions/">download</a>).